
  .   ____          _            __ _ _
 /\\ / ___'_ __ _ _(_)_ __  __ _ \ \ \ \
( ( )\___ | '_ | '_| | '_ \/ _` | \ \ \ \
 \\/  ___)| |_)| | | | | || (_| |  ) ) ) )
  '  |____| .__|_| |_|_| |_\__, | / / / /
 =========|_|==============|___/=/_/_/_/

 :: Spring Boot ::                (v3.3.4)

2026-09-04T07:09:37.259Z  INFO 1113160 --- [CoWork Hub] [           main] com.example.app.AppApplication           : Starting AppApplication v0.1.0 using Java 21.0.12.1 with PID 1113160 (/home/himanshu.jangra/backendX/backend/outputs/44cc7b82-a3d1-423c-a5cc-3f8607ec04d4/build/libs/app-0.1.0.jar started by himanshu.jangra in /home/himanshu.jangra/backendX/backend/outputs/44cc7b82-a3d1-423c-a5cc-3f8607ec04d4)
2026-09-04T07:09:37.263Z  INFO 1113160 --- [CoWork Hub] [           main] com.example.app.AppApplication           : No active profile set, falling back to 1 default profile: "default"
2026-09-04T07:09:38.515Z  INFO 1113160 --- [CoWork Hub] [           main] .s.d.r.c.RepositoryConfigurationDelegate : Bootstrapping Spring Data JPA repositories in DEFAULT mode.
2026-09-04T07:09:38.600Z  INFO 1113160 --- [CoWork Hub] [           main] .s.d.r.c.RepositoryConfigurationDelegate : Finished Spring Data repository scanning in 78 ms. Found 7 JPA repository interfaces.
2026-09-04T07:09:39.515Z  INFO 1113160 --- [CoWork Hub] [           main] o.s.b.w.embedded.tomcat.TomcatWebServer  : Tomcat initialized with port 21512 (http)
2026-09-04T07:09:39.531Z  INFO 1113160 --- [CoWork Hub] [           main] o.apache.catalina.core.StandardService   : Starting service [Tomcat]
2026-09-04T07:09:39.531Z  INFO 1113160 --- [CoWork Hub] [           main] o.apache.catalina.core.StandardEngine    : Starting Servlet engine: [Apache Tomcat/10.1.30]
2026-09-04T07:09:39.567Z  INFO 1113160 --- [CoWork Hub] [           main] o.a.c.c.C.[Tomcat].[localhost].[/]       : Initializing Spring embedded WebApplicationContext
2026-09-04T07:09:39.568Z  INFO 1113160 --- [CoWork Hub] [           main] w.s.c.ServletWebServerApplicationContext : Root WebApplicationContext: initialization completed in 2251 ms
2026-09-04T07:09:39.899Z  INFO 1113160 --- [CoWork Hub] [           main] o.hibernate.jpa.internal.util.LogHelper  : HHH000204: Processing PersistenceUnitInfo [name: default]
2026-09-04T07:09:39.956Z  INFO 1113160 --- [CoWork Hub] [           main] org.hibernate.Version                    : HHH000412: Hibernate ORM core version 6.5.3.Final
2026-09-04T07:09:39.996Z  INFO 1113160 --- [CoWork Hub] [           main] o.h.c.internal.RegionFactoryInitiator    : HHH000026: Second-level cache disabled
2026-09-04T07:09:40.318Z  INFO 1113160 --- [CoWork Hub] [           main] o.s.o.j.p.SpringPersistenceUnitInfo      : No LoadTimeWeaver setup: ignoring JPA class transformer
2026-09-04T07:09:40.347Z  INFO 1113160 --- [CoWork Hub] [           main] com.zaxxer.hikari.HikariDataSource       : HikariPool-1 - Starting...
2026-09-04T07:09:40.715Z  INFO 1113160 --- [CoWork Hub] [           main] com.zaxxer.hikari.pool.HikariPool        : HikariPool-1 - Added connection org.postgresql.jdbc.PgConnection@4258106
2026-09-04T07:09:40.717Z  INFO 1113160 --- [CoWork Hub] [           main] com.zaxxer.hikari.HikariDataSource       : HikariPool-1 - Start completed.
2026-09-04T07:09:40.757Z  WARN 1113160 --- [CoWork Hub] [           main] org.hibernate.orm.deprecation            : HHH90000025: PostgreSQLDialect does not need to be specified explicitly using 'hibernate.dialect' (remove the property setting and it will be selected by default)
2026-09-04T07:09:41.837Z  INFO 1113160 --- [CoWork Hub] [           main] o.h.e.t.j.p.i.JtaPlatformInitiator       : HHH000489: No JTA platform available (set 'hibernate.transaction.jta.platform' to enable JTA platform integration)
2026-09-04T07:09:41.929Z  INFO 1113160 --- [CoWork Hub] [           main] j.LocalContainerEntityManagerFactoryBean : Initialized JPA EntityManagerFactory for persistence unit 'default'
2026-09-04T07:09:42.376Z  INFO 1113160 --- [CoWork Hub] [           main] o.s.d.j.r.query.QueryEnhancerFactory     : Hibernate is in classpath; If applicable, HQL parser will be used.
2026-09-04T07:09:43.263Z  WARN 1113160 --- [CoWork Hub] [           main] JpaBaseConfiguration$JpaWebConfiguration : spring.jpa.open-in-view is enabled by default. Therefore, database queries may be performed during view rendering. Explicitly configure spring.jpa.open-in-view to disable this warning
2026-09-04T07:09:43.298Z  WARN 1113160 --- [CoWork Hub] [           main] .s.s.UserDetailsServiceAutoConfiguration : 

Using generated security password: 6985dbdb-329c-4fde-bc39-898e7f623681

This generated password is for development use only. Your security configuration must be updated before running your application in production.

2026-09-04T07:09:43.316Z  INFO 1113160 --- [CoWork Hub] [           main] r$InitializeUserDetailsManagerConfigurer : Global AuthenticationManager configured with UserDetailsService bean with name inMemoryUserDetailsManager
2026-09-04T07:09:43.772Z  INFO 1113160 --- [CoWork Hub] [           main] o.s.b.a.e.web.EndpointLinksResolver      : Exposing 1 endpoint beneath base path '/actuator'
2026-09-04T07:09:44.392Z  INFO 1113160 --- [CoWork Hub] [           main] o.s.b.w.embedded.tomcat.TomcatWebServer  : Tomcat started on port 21512 (http) with context path '/'
2026-09-04T07:09:44.411Z  INFO 1113160 --- [CoWork Hub] [           main] com.example.app.AppApplication           : Started AppApplication in 7.613 seconds (process running for 8.184)
2026-09-04T07:10:26.898Z  INFO 1113160 --- [CoWork Hub] [io-21512-exec-2] o.a.c.c.C.[Tomcat].[localhost].[/]       : Initializing Spring DispatcherServlet 'dispatcherServlet'
2026-09-04T07:10:26.898Z  INFO 1113160 --- [CoWork Hub] [io-21512-exec-2] o.s.web.servlet.DispatcherServlet        : Initializing Servlet 'dispatcherServlet'
2026-09-04T07:10:26.900Z  INFO 1113160 --- [CoWork Hub] [io-21512-exec-2] o.s.web.servlet.DispatcherServlet        : Completed initialization in 1 ms
2026-09-04T07:10:32.145Z  INFO 1113160 --- [CoWork Hub] [io-21512-exec-1] o.springdoc.api.AbstractOpenApiResource  : Init duration for springdoc-openapi is: 779 ms
2026-09-04T07:55:00.583Z  INFO 1113160 --- [CoWork Hub] [ionShutdownHook] j.LocalContainerEntityManagerFactoryBean : Closing JPA EntityManagerFactory for persistence unit 'default'
2026-09-04T07:55:00.592Z  INFO 1113160 --- [CoWork Hub] [ionShutdownHook] com.zaxxer.hikari.HikariDataSource       : HikariPool-1 - Shutdown initiated...
2026-09-04T07:55:00.599Z  INFO 1113160 --- [CoWork Hub] [ionShutdownHook] com.zaxxer.hikari.HikariDataSource       : HikariPool-1 - Shutdown completed.
